
-------------------------------------------------------------------------------
   ROBOCOPY     ::     Robust File Copy for Windows                              
-------------------------------------------------------------------------------

  Started : Friday, September 25, 2026 7:09:11 PM
   Source : C:\Users\LEGION\btl\_pttkpm\
     Dest : C:\Users\LEGION\btl\_phase3_n1_rehearsal_20260925\

    Files : *.*
	    
Exc Files : .env
	    
 Exc Dirs : .git
	    node_modules
	    .venv
	    dist
	    .test-runtime
	    artifacts
	    __pycache__
	    .pytest_cache
	    
  Options : *.* /NDL /NFL /S /E /DCOPY:DAT /COPY:DAT /NP /R:1 /W:1 

------------------------------------------------------------------------------


------------------------------------------------------------------------------

               Total    Copied   Skipped  Mismatch    FAILED    Extras
    Dirs :        64        44        20         0         0         0
   Files :       341       340         1         0         0         0
   Bytes :    6.45 m    6.45 m       676         0         0         0
   Times :   0:00:00   0:00:00                       0:00:00   0:00:00


   Speed :           9,709,262 Bytes/sec.
   Speed :             555.568 MegaBytes/min.
   Ended : Friday, September 25, 2026 7:09:12 PM

