Collecting alembic==1.19.2 (from -r C:\Users\LEGION\btl\_pttkpm\backend\requirements.lock.txt (line 2))
  Using cached alembic-1.19.2-py3-none-any.whl.metadata (7.3 kB)
Collecting annotated-doc==0.0.5 (from -r C:\Users\LEGION\btl\_pttkpm\backend\requirements.lock.txt (line 3))
  Using cached annotated_doc-0.0.5-py3-none-any.whl.metadata (6.5 kB)
Collecting annotated-types==0.8.0 (from -r C:\Users\LEGION\btl\_pttkpm\backend\requirements.lock.txt (line 4))
  Using cached annotated_types-0.8.0-py3-none-any.whl.metadata (15 kB)
Collecting anyio==4.15.1 (from -r C:\Users\LEGION\btl\_pttkpm\backend\requirements.lock.txt (line 5))
  Using cached anyio-4.15.1-py3-none-any.whl.metadata (4.7 kB)
Collecting certifi==2026.7.22 (from -r C:\Users\LEGION\btl\_pttkpm\backend\requirements.lock.txt (line 6))
  Using cached certifi-2026.7.22-py3-none-any.whl.metadata (2.5 kB)
Collecting click==8.5.0 (from -r C:\Users\LEGION\btl\_pttkpm\backend\requirements.lock.txt (line 7))
  Using cached click-8.5.0-py3-none-any.whl.metadata (2.6 kB)
Collecting colorama==0.4.6 (from -r C:\Users\LEGION\btl\_pttkpm\backend\requirements.lock.txt (line 8))
  Using cached colorama-0.4.6-py2.py3-none-any.whl.metadata (17 kB)
Collecting fastapi==0.141.1 (from -r C:\Users\LEGION\btl\_pttkpm\backend\requirements.lock.txt (line 9))
  Using cached fastapi-0.141.1-py3-none-any.whl.metadata (27 kB)
Collecting greenlet==3.5.5 (from -r C:\Users\LEGION\btl\_pttkpm\backend\requirements.lock.txt (line 10))
  Using cached greenlet-3.5.5-cp312-cp312-win_amd64.whl.metadata (3.9 kB)
Collecting h11==0.16.0 (from -r C:\Users\LEGION\btl\_pttkpm\backend\requirements.lock.txt (line 11))
  Using cached h11-0.16.0-py3-none-any.whl.metadata (8.3 kB)
Collecting httpcore==1.0.9 (from -r C:\Users\LEGION\btl\_pttkpm\backend\requirements.lock.txt (line 12))
  Using cached httpcore-1.0.9-py3-none-any.whl.metadata (21 kB)
Collecting httpcore2==2.13.1 (from -r C:\Users\LEGION\btl\_pttkpm\backend\requirements.lock.txt (line 13))
  Using cached httpcore2-2.13.1-py3-none-any.whl.metadata (26 kB)
Collecting httpx==0.28.1 (from -r C:\Users\LEGION\btl\_pttkpm\backend\requirements.lock.txt (line 14))
  Using cached httpx-0.28.1-py3-none-any.whl.metadata (7.1 kB)
Collecting httpx2==2.13.1 (from -r C:\Users\LEGION\btl\_pttkpm\backend\requirements.lock.txt (line 15))
  Using cached httpx2-2.13.1-py3-none-any.whl.metadata (9.8 kB)
Collecting idna==3.19 (from -r C:\Users\LEGION\btl\_pttkpm\backend\requirements.lock.txt (line 16))
  Using cached idna-3.19-py3-none-any.whl.metadata (9.2 kB)
Collecting iniconfig==2.3.0 (from -r C:\Users\LEGION\btl\_pttkpm\backend\requirements.lock.txt (line 17))
  Using cached iniconfig-2.3.0-py3-none-any.whl.metadata (2.5 kB)
Collecting Mako==1.4.1 (from -r C:\Users\LEGION\btl\_pttkpm\backend\requirements.lock.txt (line 18))
  Using cached mako-1.4.1-py3-none-any.whl.metadata (2.9 kB)
Collecting MarkupSafe==3.0.3 (from -r C:\Users\LEGION\btl\_pttkpm\backend\requirements.lock.txt (line 19))
  Using cached markupsafe-3.0.3-cp312-cp312-win_amd64.whl.metadata (2.8 kB)
Collecting packaging==26.3 (from -r C:\Users\LEGION\btl\_pttkpm\backend\requirements.lock.txt (line 20))
  Using cached packaging-26.3-py3-none-any.whl.metadata (3.5 kB)
Collecting pluggy==1.6.0 (from -r C:\Users\LEGION\btl\_pttkpm\backend\requirements.lock.txt (line 21))
  Using cached pluggy-1.6.0-py3-none-any.whl.metadata (4.8 kB)
Collecting psycopg==3.3.5 (from -r C:\Users\LEGION\btl\_pttkpm\backend\requirements.lock.txt (line 22))
  Using cached psycopg-3.3.5-py3-none-any.whl.metadata (4.3 kB)
Collecting psycopg-binary==3.3.5 (from -r C:\Users\LEGION\btl\_pttkpm\backend\requirements.lock.txt (line 23))
  Using cached psycopg_binary-3.3.5-cp312-cp312-win_amd64.whl.metadata (2.7 kB)
Collecting pydantic==2.13.5 (from -r C:\Users\LEGION\btl\_pttkpm\backend\requirements.lock.txt (line 24))
  Using cached pydantic-2.13.5-py3-none-any.whl.metadata (110 kB)
Collecting pydantic-settings==2.15.0 (from -r C:\Users\LEGION\btl\_pttkpm\backend\requirements.lock.txt (line 25))
  Using cached pydantic_settings-2.15.0-py3-none-any.whl.metadata (3.9 kB)
Collecting pydantic_core==2.46.5 (from -r C:\Users\LEGION\btl\_pttkpm\backend\requirements.lock.txt (line 26))
  Using cached pydantic_core-2.46.5-cp312-cp312-win_amd64.whl.metadata (6.7 kB)
Collecting Pygments==2.21.0 (from -r C:\Users\LEGION\btl\_pttkpm\backend\requirements.lock.txt (line 27))
  Using cached pygments-2.21.0-py3-none-any.whl.metadata (2.5 kB)
Collecting pytest==9.1.1 (from -r C:\Users\LEGION\btl\_pttkpm\backend\requirements.lock.txt (line 28))
  Using cached pytest-9.1.1-py3-none-any.whl.metadata (7.6 kB)
Collecting python-dotenv==1.2.3 (from -r C:\Users\LEGION\btl\_pttkpm\backend\requirements.lock.txt (line 29))
  Using cached python_dotenv-1.2.3-py3-none-any.whl.metadata (29 kB)
Collecting SQLAlchemy==2.0.52 (from -r C:\Users\LEGION\btl\_pttkpm\backend\requirements.lock.txt (line 30))
  Using cached sqlalchemy-2.0.52-cp312-cp312-win_amd64.whl.metadata (9.9 kB)
Collecting starlette==1.7.0 (from -r C:\Users\LEGION\btl\_pttkpm\backend\requirements.lock.txt (line 31))
  Using cached starlette-1.7.0-py3-none-any.whl.metadata (6.6 kB)
Collecting typing-inspection==0.4.4 (from -r C:\Users\LEGION\btl\_pttkpm\backend\requirements.lock.txt (line 32))
  Using cached typing_inspection-0.4.4-py3-none-any.whl.metadata (2.6 kB)
Collecting typing_extensions==4.16.0 (from -r C:\Users\LEGION\btl\_pttkpm\backend\requirements.lock.txt (line 33))
  Using cached typing_extensions-4.16.0-py3-none-any.whl.metadata (3.3 kB)
Collecting truststore==0.10.4 (from -r C:\Users\LEGION\btl\_pttkpm\backend\requirements.lock.txt (line 34))
  Using cached truststore-0.10.4-py3-none-any.whl.metadata (4.4 kB)
Collecting tzdata==2026.3 (from -r C:\Users\LEGION\btl\_pttkpm\backend\requirements.lock.txt (line 35))
  Using cached tzdata-2026.3-py2.py3-none-any.whl.metadata (1.4 kB)
Collecting uvicorn==0.52.4 (from -r C:\Users\LEGION\btl\_pttkpm\backend\requirements.lock.txt (line 36))
  Using cached uvicorn-0.52.4-py3-none-any.whl.metadata (6.6 kB)
Using cached alembic-1.19.2-py3-none-any.whl (267 kB)
Using cached annotated_doc-0.0.5-py3-none-any.whl (5.3 kB)
Using cached annotated_types-0.8.0-py3-none-any.whl (13 kB)
Using cached anyio-4.15.1-py3-none-any.whl (132 kB)
Using cached certifi-2026.7.22-py3-none-any.whl (136 kB)
Using cached click-8.5.0-py3-none-any.whl (125 kB)
Using cached colorama-0.4.6-py2.py3-none-any.whl (25 kB)
Using cached fastapi-0.141.1-py3-none-any.whl (131 kB)
Using cached greenlet-3.5.5-cp312-cp312-win_amd64.whl (324 kB)
Using cached h11-0.16.0-py3-none-any.whl (37 kB)
Using cached httpcore-1.0.9-py3-none-any.whl (78 kB)
Using cached httpcore2-2.13.1-py3-none-any.whl (83 kB)
Using cached httpx-0.28.1-py3-none-any.whl (73 kB)
Using cached httpx2-2.13.1-py3-none-any.whl (95 kB)
Using cached idna-3.19-py3-none-any.whl (68 kB)
Using cached iniconfig-2.3.0-py3-none-any.whl (7.5 kB)
Using cached mako-1.4.1-py3-none-any.whl (80 kB)
Using cached markupsafe-3.0.3-cp312-cp312-win_amd64.whl (15 kB)
Using cached packaging-26.3-py3-none-any.whl (129 kB)
Using cached pluggy-1.6.0-py3-none-any.whl (20 kB)
Using cached psycopg-3.3.5-py3-none-any.whl (213 kB)
Using cached psycopg_binary-3.3.5-cp312-cp312-win_amd64.whl (3.6 MB)
Using cached pydantic-2.13.5-py3-none-any.whl (472 kB)
Using cached pydantic_settings-2.15.0-py3-none-any.whl (69 kB)
Using cached pydantic_core-2.46.5-cp312-cp312-win_amd64.whl (2.0 MB)
Using cached pygments-2.21.0-py3-none-any.whl (1.3 MB)
Using cached pytest-9.1.1-py3-none-any.whl (386 kB)
Using cached python_dotenv-1.2.3-py3-none-any.whl (22 kB)
Using cached sqlalchemy-2.0.52-cp312-cp312-win_amd64.whl (2.2 MB)
Using cached starlette-1.7.0-py3-none-any.whl (78 kB)
Using cached typing_inspection-0.4.4-py3-none-any.whl (14 kB)
Using cached typing_extensions-4.16.0-py3-none-any.whl (45 kB)
Using cached truststore-0.10.4-py3-none-any.whl (18 kB)
Using cached tzdata-2026.3-py2.py3-none-any.whl (348 kB)
Using cached uvicorn-0.52.4-py3-none-any.whl (79 kB)
Installing collected packages: tzdata, typing_extensions, truststore, python-dotenv, Pygments, psycopg-binary, pluggy, packaging, MarkupSafe, iniconfig, idna, h11, greenlet, colorama, click, certifi, annotated-types, annotated-doc, uvicorn, typing-inspection, SQLAlchemy, pytest, pydantic_core, psycopg, Mako, httpcore2, httpcore, anyio, starlette, pydantic, httpx2, httpx, alembic, pydantic-settings, fastapi
Successfully installed Mako-1.4.1 MarkupSafe-3.0.3 Pygments-2.21.0 SQLAlchemy-2.0.52 alembic-1.19.2 annotated-doc-0.0.5 annotated-types-0.8.0 anyio-4.15.1 certifi-2026.7.22 click-8.5.0 colorama-0.4.6 fastapi-0.141.1 greenlet-3.5.5 h11-0.16.0 httpcore-1.0.9 httpcore2-2.13.1 httpx-0.28.1 httpx2-2.13.1 idna-3.19 iniconfig-2.3.0 packaging-26.3 pluggy-1.6.0 psycopg-3.3.5 psycopg-binary-3.3.5 pydantic-2.13.5 pydantic-settings-2.15.0 pydantic_core-2.46.5 pytest-9.1.1 python-dotenv-1.2.3 starlette-1.7.0 truststore-0.10.4 typing-inspection-0.4.4 typing_extensions-4.16.0 tzdata-2026.3 uvicorn-0.52.4
