Collecting alembic==1.19.2 (from -r backend\requirements.lock.txt (line 2))
  Downloading alembic-1.19.2-py3-none-any.whl.metadata (7.3 kB)
Collecting annotated-doc==0.0.5 (from -r backend\requirements.lock.txt (line 3))
  Downloading annotated_doc-0.0.5-py3-none-any.whl.metadata (6.5 kB)
Collecting annotated-types==0.8.0 (from -r backend\requirements.lock.txt (line 4))
  Downloading annotated_types-0.8.0-py3-none-any.whl.metadata (15 kB)
Collecting anyio==4.15.1 (from -r backend\requirements.lock.txt (line 5))
  Downloading anyio-4.15.1-py3-none-any.whl.metadata (4.7 kB)
Collecting certifi==2026.7.22 (from -r backend\requirements.lock.txt (line 6))
  Downloading certifi-2026.7.22-py3-none-any.whl.metadata (2.5 kB)
Collecting click==8.5.0 (from -r backend\requirements.lock.txt (line 7))
  Downloading click-8.5.0-py3-none-any.whl.metadata (2.6 kB)
Collecting colorama==0.4.6 (from -r backend\requirements.lock.txt (line 8))
  Downloading colorama-0.4.6-py2.py3-none-any.whl.metadata (17 kB)
Collecting fastapi==0.141.1 (from -r backend\requirements.lock.txt (line 9))
  Downloading fastapi-0.141.1-py3-none-any.whl.metadata (27 kB)
Collecting greenlet==3.5.5 (from -r backend\requirements.lock.txt (line 10))
  Downloading greenlet-3.5.5-cp312-cp312-win_amd64.whl.metadata (3.9 kB)
Collecting h11==0.16.0 (from -r backend\requirements.lock.txt (line 11))
  Downloading h11-0.16.0-py3-none-any.whl.metadata (8.3 kB)
Collecting httpcore==1.0.9 (from -r backend\requirements.lock.txt (line 12))
  Downloading httpcore-1.0.9-py3-none-any.whl.metadata (21 kB)
Collecting httpx==0.28.1 (from -r backend\requirements.lock.txt (line 13))
  Downloading httpx-0.28.1-py3-none-any.whl.metadata (7.1 kB)
Collecting idna==3.19 (from -r backend\requirements.lock.txt (line 14))
  Downloading idna-3.19-py3-none-any.whl.metadata (9.2 kB)
Collecting iniconfig==2.3.0 (from -r backend\requirements.lock.txt (line 15))
  Downloading iniconfig-2.3.0-py3-none-any.whl.metadata (2.5 kB)
Collecting Mako==1.4.1 (from -r backend\requirements.lock.txt (line 16))
  Downloading mako-1.4.1-py3-none-any.whl.metadata (2.9 kB)
Collecting MarkupSafe==3.0.3 (from -r backend\requirements.lock.txt (line 17))
  Downloading markupsafe-3.0.3-cp312-cp312-win_amd64.whl.metadata (2.8 kB)
Collecting packaging==26.3 (from -r backend\requirements.lock.txt (line 18))
  Downloading packaging-26.3-py3-none-any.whl.metadata (3.5 kB)
Collecting pluggy==1.6.0 (from -r backend\requirements.lock.txt (line 19))
  Downloading pluggy-1.6.0-py3-none-any.whl.metadata (4.8 kB)
Collecting psycopg==3.3.5 (from -r backend\requirements.lock.txt (line 20))
  Downloading psycopg-3.3.5-py3-none-any.whl.metadata (4.3 kB)
Collecting psycopg-binary==3.3.5 (from -r backend\requirements.lock.txt (line 21))
  Downloading psycopg_binary-3.3.5-cp312-cp312-win_amd64.whl.metadata (2.7 kB)
Collecting pydantic==2.13.5 (from -r backend\requirements.lock.txt (line 22))
  Downloading pydantic-2.13.5-py3-none-any.whl.metadata (110 kB)
Collecting pydantic-settings==2.15.0 (from -r backend\requirements.lock.txt (line 23))
  Downloading pydantic_settings-2.15.0-py3-none-any.whl.metadata (3.9 kB)
Collecting pydantic_core==2.46.5 (from -r backend\requirements.lock.txt (line 24))
  Downloading pydantic_core-2.46.5-cp312-cp312-win_amd64.whl.metadata (6.7 kB)
Collecting Pygments==2.21.0 (from -r backend\requirements.lock.txt (line 25))
  Downloading pygments-2.21.0-py3-none-any.whl.metadata (2.5 kB)
Collecting pytest==9.1.1 (from -r backend\requirements.lock.txt (line 26))
  Downloading pytest-9.1.1-py3-none-any.whl.metadata (7.6 kB)
Collecting python-dotenv==1.2.3 (from -r backend\requirements.lock.txt (line 27))
  Downloading python_dotenv-1.2.3-py3-none-any.whl.metadata (29 kB)
Collecting SQLAlchemy==2.0.52 (from -r backend\requirements.lock.txt (line 28))
  Downloading sqlalchemy-2.0.52-cp312-cp312-win_amd64.whl.metadata (9.9 kB)
Collecting starlette==1.6.0 (from -r backend\requirements.lock.txt (line 29))
  Downloading starlette-1.6.0-py3-none-any.whl.metadata (6.4 kB)
Collecting typing-inspection==0.4.4 (from -r backend\requirements.lock.txt (line 30))
  Downloading typing_inspection-0.4.4-py3-none-any.whl.metadata (2.6 kB)
Collecting typing_extensions==4.16.0 (from -r backend\requirements.lock.txt (line 31))
  Downloading typing_extensions-4.16.0-py3-none-any.whl.metadata (3.3 kB)
Collecting tzdata==2026.3 (from -r backend\requirements.lock.txt (line 32))
  Downloading tzdata-2026.3-py2.py3-none-any.whl.metadata (1.4 kB)
Collecting uvicorn==0.52.4 (from -r backend\requirements.lock.txt (line 33))
  Downloading uvicorn-0.52.4-py3-none-any.whl.metadata (6.6 kB)
Downloading alembic-1.19.2-py3-none-any.whl (267 kB)
Downloading annotated_doc-0.0.5-py3-none-any.whl (5.3 kB)
Downloading annotated_types-0.8.0-py3-none-any.whl (13 kB)
Downloading anyio-4.15.1-py3-none-any.whl (132 kB)
Downloading certifi-2026.7.22-py3-none-any.whl (136 kB)
Downloading click-8.5.0-py3-none-any.whl (125 kB)
Downloading colorama-0.4.6-py2.py3-none-any.whl (25 kB)
Downloading fastapi-0.141.1-py3-none-any.whl (131 kB)
Downloading greenlet-3.5.5-cp312-cp312-win_amd64.whl (324 kB)
Downloading h11-0.16.0-py3-none-any.whl (37 kB)
Downloading httpcore-1.0.9-py3-none-any.whl (78 kB)
Downloading httpx-0.28.1-py3-none-any.whl (73 kB)
Downloading idna-3.19-py3-none-any.whl (68 kB)
Downloading iniconfig-2.3.0-py3-none-any.whl (7.5 kB)
Downloading mako-1.4.1-py3-none-any.whl (80 kB)
Downloading markupsafe-3.0.3-cp312-cp312-win_amd64.whl (15 kB)
Downloading packaging-26.3-py3-none-any.whl (129 kB)
Downloading pluggy-1.6.0-py3-none-any.whl (20 kB)
Downloading psycopg-3.3.5-py3-none-any.whl (213 kB)
Downloading psycopg_binary-3.3.5-cp312-cp312-win_amd64.whl (3.6 MB)
   ---------------------------------------- 3.6/3.6 MB 21.7 MB/s eta 0:00:00
Downloading pydantic-2.13.5-py3-none-any.whl (472 kB)
Downloading pydantic_settings-2.15.0-py3-none-any.whl (69 kB)
Downloading pydantic_core-2.46.5-cp312-cp312-win_amd64.whl (2.0 MB)
   ---------------------------------------- 2.0/2.0 MB 57.5 MB/s eta 0:00:00
Downloading pygments-2.21.0-py3-none-any.whl (1.3 MB)
   ---------------------------------------- 1.3/1.3 MB 31.9 MB/s eta 0:00:00
Downloading pytest-9.1.1-py3-none-any.whl (386 kB)
Downloading python_dotenv-1.2.3-py3-none-any.whl (22 kB)
Downloading sqlalchemy-2.0.52-cp312-cp312-win_amd64.whl (2.2 MB)
   ---------------------------------------- 2.2/2.2 MB 40.3 MB/s eta 0:00:00
Downloading starlette-1.6.0-py3-none-any.whl (75 kB)
Downloading typing_inspection-0.4.4-py3-none-any.whl (14 kB)
Downloading typing_extensions-4.16.0-py3-none-any.whl (45 kB)
Downloading tzdata-2026.3-py2.py3-none-any.whl (348 kB)
Downloading uvicorn-0.52.4-py3-none-any.whl (79 kB)
Installing collected packages: tzdata, typing_extensions, python-dotenv, Pygments, psycopg-binary, pluggy, packaging, MarkupSafe, iniconfig, idna, h11, greenlet, colorama, click, certifi, annotated-types, annotated-doc, uvicorn, typing-inspection, SQLAlchemy, pytest, pydantic_core, psycopg, Mako, httpcore, anyio, starlette, pydantic, httpx, alembic, pydantic-settings, fastapi
Successfully installed Mako-1.4.1 MarkupSafe-3.0.3 Pygments-2.21.0 SQLAlchemy-2.0.52 alembic-1.19.2 annotated-doc-0.0.5 annotated-types-0.8.0 anyio-4.15.1 certifi-2026.7.22 click-8.5.0 colorama-0.4.6 fastapi-0.141.1 greenlet-3.5.5 h11-0.16.0 httpcore-1.0.9 httpx-0.28.1 idna-3.19 iniconfig-2.3.0 packaging-26.3 pluggy-1.6.0 psycopg-3.3.5 psycopg-binary-3.3.5 pydantic-2.13.5 pydantic-settings-2.15.0 pydantic_core-2.46.5 pytest-9.1.1 python-dotenv-1.2.3 starlette-1.6.0 typing-inspection-0.4.4 typing_extensions-4.16.0 tzdata-2026.3 uvicorn-0.52.4
