
> greencity-app@1.0.0 test
> node --test tests/logic.test.js tests/assistant.test.js tests/staff.test.js tests/frontend-integration.test.js tests/runtime-config.test.js

✔ new chat does not create duplicate empty conversations (0.7934ms)
✔ clear replaces the complete assistant state (0.1747ms)
✔ send creates distinct user/pending assistant messages and clears draft (0.0918ms)
✔ another send is ignored while this conversation is pending (0.0984ms)
✔ new conversation retains old messages and draft (0.1228ms)
✔ late response updates only its original conversation (0.1435ms)
✔ retry replaces failed reply state without duplicating question (0.1308ms)
✔ reload converts in-flight replies to recoverable errors (0.3821ms)
✔ storage round trip preserves conversations and drafts (0.6784ms)
✔ malformed history is rejected, not silently overwritten (0.4205ms)
✔ storage read/write failures propagate for visible recovery feedback (0.1252ms)
✔ history deletion removes one site key only (0.0997ms)
✔ account logout clears every site key without touching another account and broadcasts the clear (0.1928ms)
✔ out-of-range dates in saved history do not reach the renderer (0.1084ms)
✔ Enter sends, Shift+Enter and composing Enter do not (0.0977ms)
✔ assistant adapter sends only the question and AbortSignal to the authenticated client (0.2333ms)
✔ API client performs login then /auth/me and keeps the issued token in memory (17.8547ms)
✔ assistant client posts only the message with the authenticated session and correlation ID (1.0348ms)
✔ assistant client rejects malformed backend replies (0.6617ms)
✔ service-request query is allow-listed and Authorization is attached (0.8372ms)
✔ parcel client keeps scope server-owned and sends stable command contracts (2.2921ms)
✔ parcel linkage and evidence client keep private file and audit requests scoped (1.3148ms)
✔ parcel evidence view replays signed-link with Bearer and omits blank optional incident reason (1.4265ms)
✔ CSKH form choices and create payload stay scoped to server-issued resources (0.8939ms)
✔ Unit 360 sends only the Unit ID path and validates the response contract (0.6286ms)
✔ Unit 360 hidden projection keeps an explicit empty residents list (0.5239ms)
✔ 401 clears the in-memory session and notifies the app (0.4557ms)
✔ logout revokes the current server session before clearing the in-memory token (0.332ms)
✔ password change sends only current/new password and clears the revoked token (0.3276ms)
✔ site switch sends only site_id, installs the new token, then trusts /auth/me (0.5556ms)
✔ a 401 response from the previous site cannot clear the switched session (0.4645ms)
✔ scope and network failures keep actionable structured errors (0.3973ms)
✔ cleaning client uses only server-owned route, building and task identifiers (1.2306ms)
✔ security client keeps scope server-owned across shift, patrol and incident commands (1.4561ms)
✔ account menus are derived only from roles returned by /auth/me (0.4166ms)
✔ service-request adapter exposes the fields needed by the read-only table (12.4177ms)
✔ notifications API client lists notifications and marks read with schema assertion (0.775ms)
✔ outbox API client lists events and retries with Idempotency-Key (AC-22, AC-36) (0.5776ms)
✔ AC-36: lost response retains Idempotency-Key on retry and does not report false success (0.56ms)
✔ role visibility: outbox management is restricted to admin and director (0.239ms)
✔ dashboard API client fetches KPI snapshot with as_of and validates schema (AC-25) (0.418ms)
✔ dashboard drill-down API client fetches source items for KPI reconciliation (AC-25) (0.3863ms)
✔ audit events API client lists events and supports correlation filtering (0.4596ms)
✔ AC-25 / AC-45: API error does not silently fallback to mock and propagates structured error with correlationId (0.8854ms)
✔ role visibility: executive dashboard is restricted to admin and director, audit events to admin, director and accountant (0.167ms)
✔ resident API client keeps scope identifiers server-owned and reuses one as_of snapshot (1.7546ms)
✔ role menus expose only implemented staff pages and unsupported legacy tabs stay hidden (0.3691ms)
✔ Unit CSV import/export client keeps scope server-owned and reuses signed downloads (1.7553ms)
✔ search normalization ignores Vietnamese accents, case and surrounding spaces (0.6235ms)
✔ frontend API base URL keeps same-origin proxy as the safe default (0.5279ms)
✔ Vite proxy target is configurable but restricted to http(s) (0.3733ms)
✔ workspace menu is derived from the server roles for all supported roles (2.255ms)
✔ unrecognized and client-supplied menu values never grant extra pages (0.1918ms)
✔ only supported workspace hashes resolve to a tab (0.144ms)
✔ assistant history storage is separated by account (1.7376ms)
ℹ tests 55
ℹ suites 0
ℹ pass 55
ℹ fail 0
ℹ cancelled 0
ℹ skipped 0
ℹ todo 0
ℹ duration_ms 312.6727
